[2026-09-29T23:24:22Z] snapshot -> data/research/history_snapshot.db
[2026-09-29T23:24:35Z] kickoff table (ESPN = truth, Kalshi = check)
8380 games; Kalshi occurrence = ESPN kickoff + 3.00h (median)
  agree        4421
  disagree     355
  espn_only    325
  kalshi_only  3113
  missing      166
[2026-09-29T23:50:55Z] dataset (Table A + Table B)
{
 "espn_results_on_disk": 10539,
 "kalshi_settled_games": 7458,
 "added_from_espn": 1340,
 "added_from_kalshi": 288,
 "matches": 55882,
 "kalshi_games": 4648,
 "kalshi_joined": 1363,
 "kalshi_unmatched": 3285,
 "kalshi_rows": 10123,
 "splits": {
  "kalshi_period": 2069,
  "test": 4756,
  "train": 38099,
  "tune": 10958
 },
 "with_bookmaker_odds": 35693,
 "baselines": {
  "A_train": {
   "matches": 27018,
   "brier_bookmaker": 0.19751387703827136,
   "brier_base_rate": 0.21672918908532893
  },
  "A_tune": {
   "matches": 6681,
   "brier_bookmaker": 0.19867257651349127,
   "brier_base_rate": 0.21543942447588235
  },
  "A_test": {
   "matches": 1954,
   "brier_bookmaker": 0.19813843560795155,
   "brier_base_rate": 0.21557690723171793
  },
  "B_24h": {
   "legs": 3326,
   "brier_kalshi_mid": 0.20306496542393265,
   "brier_base_rate": 0.21753137980742102
  },
  "B_6h": {
   "legs": 3395,
   "brier_kalshi_mid": 0.20359229013254787,
   "brier_base_rate": 0.21766629996909864
  },
  "B_1h": {
   "legs": 3402,
   "brier_kalshi_mid": 0.20348731628453853,
   "brier_base_rate": 0.21756605883266034
  }
 }
}
[2026-09-29T23:51:20Z] phase 2
A|T1       legs=  1983 games=  661 G2 coef -0.29 99% [-0.98,+0.24] pass=False
A|T2       legs=  2766 games=  922 G2 coef +0.02 99% [-0.36,+0.49] pass=False
A|T3       legs=  1113 games=  371 G2 coef -0.07 99% [-0.75,+0.62] pass=False
B|T1|24    legs=   546 games=  186 G2 coef +0.40 99% [-0.43,+1.16] pass=False
B|T2|24    legs=  1963 games=  661 G2 coef -0.18 99% [-0.61,+0.22] pass=False
B|T3|24    legs=   817 games=  278 G2 coef +0.20 99% [-0.61,+1.09] pass=False
B|T1|6     legs=   553 games=  188 G2 coef +0.44 99% [-0.26,+1.15] pass=False
B|T2|6     legs=  2008 games=  674 G2 coef -0.12 99% [-0.56,+0.33] pass=False
B|T3|6     legs=   834 games=  282 G2 coef +0.17 99% [-0.63,+0.98] pass=False
B|T1|1     legs=   553 games=  188 G2 coef +0.45 99% [-0.24,+1.18] pass=False
B|T2|1     legs=  2015 games=  676 G2 coef -0.10 99% [-0.50,+0.31] pass=False
B|T3|1     legs=   834 games=  282 G2 coef +0.15 99% [-0.65,+0.97] pass=False
signals: [] | wrote /root/kalshi-trading/docs/findings/results/v2_phase2.json
[2026-09-29T23:52:34Z] done
